--- MARITIME VOYAGE RISK INTELLIGENCE PIPELINE TEST ---
{
    "vessel": "MV Ocean Star",
    "weather_risk": 0.7,
    "piracy_risk": 0.5,
    "congestion_risk": 0.4,
    "behaviour_risk": 0.2,
    "risk_score": 0.53,
    "risk_level": "Medium",
    "ai_explanation": "Risk explanation unavailable (AI Service Offline). Reason: 404 Client Error: Not Found for url: http://localhost:11434/api/generate"
}
--------------------------------------------------
{
    "vessel": "Atlantic Trader",
    "weather_risk": 0.2,
    "piracy_risk": 0.1,
    "congestion_risk": 0.3,
    "behaviour_risk": 0.1,
    "risk_score": 0.18,
    "risk_level": "Low",
    "ai_explanation": "Risk explanation unavailable (AI Service Offline). Reason: 404 Client Error: Not Found for url: http://localhost:11434/api/generate"
}
--------------------------------------------------
{
    "vessel": "Sea Horizon",
    "weather_risk": 0.8,
    "piracy_risk": 0.6,
    "congestion_risk": 0.5,
    "behaviour_risk": 0.7,
    "risk_score": 0.67,
    "risk_level": "High",
    "ai_explanation": "Risk explanation unavailable (AI Service Offline). Reason: 404 Client Error: Not Found for url: http://localhost:11434/api/generate"
}
--------------------------------------------------
